Script started on 2023-04-05 16:43:33-03:00 [TERM="xterm-256color" TTY="/dev/pts/20" COLUMNS="162" LINES="14"]
augustinho@augustinho:~/Ed/pa03/c15$ valgrind --leak-check=full ./a.outgdb ./a.out[K
[35;1m[35;1mGNU gdb [m[35;1m(Ubuntu 9.2-0ubuntu1~20.04.1) [m[35;1m9.2[m[35;1m
[m[mCopyright (C) 2020 Free Software Foundation, Inc.
License GPLv3+: GNU GPL version 3 or later <http://gnu.org/licenses/gpl.html>
This is free software: you are free to change and redistribute it.
There is NO WARRANTY, to the extent permitted by law.
Type "show copying" and "show warranty" for details.
This GDB was configured as "x86_64-linux-gnu".
Type "show configuration" for configuration details.
For bug reporting instructions, please see:
<http://www.gnu.org/software/gdb/bugs/>.
Find the GDB manual and other documentation resources online at:
    <http://www.gnu.org/software/gdb/documentation/>.

[m--Type <RET> for more, q to quit, c to continue without paging--
For help, type "help".
Type "apropos word" to search for commands related to "word"...
Reading symbols from [32m./a.out[m...
(gdb) q
augustinho@augustinho:~/Ed/pa03/c15$ gdb ./a.out[23@valgrind --leak-check=full[C[C[C[C[C[C[C[Cgdb ./a.out[Kcc cxxcorreto.c -gclear[Kgcc cxxcorreto.c -g
augustinho@augustinho:~/Ed/pa03/c15$ gcc cxxcorreto.c -g[8Pdb ./a.out
[35;1m[35;1mGNU gdb [m[35;1m(Ubuntu 9.2-0ubuntu1~20.04.1) [m[35;1m9.2[m[35;1m
[m[mCopyright (C) 2020 Free Software Foundation, Inc.
License GPLv3+: GNU GPL version 3 or later <http://gnu.org/licenses/gpl.html>
This is free software: you are free to change and redistribute it.
There is NO WARRANTY, to the extent permitted by law.
Type "show copying" and "show warranty" for details.
This GDB was configured as "x86_64-linux-gnu".
Type "show configuration" for configuration details.
For bug reporting instructions, please see:
<http://www.gnu.org/software/gdb/bugs/>.
Find the GDB manual and other documentation resources online at:
    <http://www.gnu.org/software/gdb/documentation/>.

[m--Type <RET> for more, q to quit, c to continue without paging--c
For help, type "help".
Type "apropos word" to search for commands related to "word"...
Reading symbols from [32m./a.out[m...
(gdb) run
Starting program: /home/augustinho/Ed/pa03/c15/a.out 
[Inferior 1 (process 16804) exited with code 01]
(gdb) q
augustinho@augustinho:~/Ed/pa03/c15$ gdb ./a.outcc cxxcorreto.c -g[8Pdb ./a.out[23@valgrind --leak-check=full[C[C[C[C[C[C[C[C
==16834== Memcheck, a memory error detector
==16834== Copyright (C) 2002-2017, and GNU GPL'd, by Julian Seward et al.
==16834== Using Valgrind-3.15.0 and LibVEX; rerun with -h for copyright info
==16834== Command: ./a.out
==16834== 
==16834== error calling PR_SET_PTRACER, vgdb might block
==16834== 
==16834== HEAP SUMMARY:
==16834==     in use at exit: 0 bytes in 0 blocks
==16834==   total heap usage: 0 allocs, 0 frees, 0 bytes allocated
==16834== 
==16834== All heap blocks were freed -- no leaks are possible
==16834== 
==16834== For lists of detected and suppressed errors, rerun with: -s
==16834== ERROR SUMMARY: 0 errors from 0 contexts (suppressed: 0 from 0)
augustinho@augustinho:~/Ed/pa03/c15$ exit

Script done on 2023-04-05 16:44:24-03:00 [COMMAND_EXIT_CODE="0"]
full ./a.outgdb ./a.out[K
[35;1m[35;1mGNU gdb [m[35;1m(Ubuntu 9.2-0ubuntu1~20.04.1) [m[35;1m9.2[m[35;1m
[m[mCopyright (C) 2020 Free Software Foundation, Inc.
License GPLv3+: GNU GPL version 3 or later <http://gnu.org/licenses/gpl.html>
This is free software: you are free to change and redistribute it.
There is NO WARRANTY, to the extent permitted by law.
Type "show copying" and "show warranty" for details.
This GDB was configured as "x86_64-linux-gnu".
Type "show configuration" for configuration details.
For bug reporting instructions, please s