Script started on 2023-04-05 16:28:14-03:00 [TERM="xterm-256color" TTY="/dev/pts/17" COLUMNS="162" LINES="14"]
augustinho@augustinho:~/Ed/pa03/c13$ valgrind --leak-check=full ./a.outgdb ./a.out[Kcc cxxcorreto.c -gvalgrind --leak-check=full ./a.out[15Pgcc cxxcorreto.c -g[K[K[K[K[K[K[K[K[K[K[K[K.c -g
augustinho@augustinho:~/Ed/pa03/c13$ gcc cxx.c -gvalgrind --leak-check=full ./a.outgdb ./a.out[K
[35;1m[35;1mGNU gdb [m[35;1m(Ubuntu 9.2-0ubuntu1~20.04.1) [m[35;1m9.2[m[35;1m
[m[mCopyright (C) 2020 Free Software Foundation, Inc.
License GPLv3+: GNU GPL version 3 or later <http://gnu.org/licenses/gpl.html>
This is free software: you are free to change and redistribute it.
There is NO WARRANTY, to the extent permitted by law.
Type "show copying" and "show warranty" for details.
This GDB was configured as "x86_64-linux-gnu".
Type "show configuration" for configuration details.
For bug reporting instructions, please see:
<http://www.gnu.org/software/gdb/bugs/>.
Find the GDB manual and other documentation resources online at:
    <http://www.gnu.org/software/gdb/documentation/>.

[m--Type <RET> for more, q to quit, c to continue without paging--c
For help, type "help".
Type "apropos word" to search for commands related to "word"...
Reading symbols from [32m./a.out[m...
(gdb) run
Starting program: /home/augustinho/Ed/pa03/c13/a.out 
[Inferior 1 (process 14923) exited normally]
(gdb) q
augustinho@augustinho:~/Ed/pa03/c13$ gdb ./a.outcc cxx.c -gvalgrind --leak-check=full ./a.out
==14950== Memcheck, a memory error detector
==14950== Copyright (C) 2002-2017, and GNU GPL'd, by Julian Seward et al.
==14950== Using Valgrind-3.15.0 and LibVEX; rerun with -h for copyright info
==14950== Command: ./a.out
==14950== 
==14950== error calling PR_SET_PTRACER, vgdb might block
==14950== 
==14950== HEAP SUMMARY:
==14950==     in use at exit: 35 bytes in 2 blocks
==14950==   total heap usage: 3 allocs, 1 frees, 47 bytes allocated
==14950== 
==14950== 16 bytes in 1 blocks are definitely lost in loss record 1 of 2
==14950==    at 0x483B7F3: malloc (in /usr/lib/x86_64-linux-gnu/valgrind/vgpreload_memcheck-amd64-linux.so)
==14950==    by 0x1091A6: main (cxx.c:11)
==14950== 
==14950== 19 bytes in 1 blocks are definitely lost in loss record 2 of 2
==14950==    at 0x483B7F3: malloc (in /usr/lib/x86_64-linux-gnu/valgrind/vgpreload_memcheck-amd64-linux.so)
==14950==    by 0x10917E: main (cxx.c:8)
==14950== 
==14950== LEAK SUMMARY:
==14950==    definitely lost: 35 bytes in 2 blocks
==14950==    indirectly lost: 0 bytes in 0 blocks
==14950==      possibly lost: 0 bytes in 0 blocks
==14950==    still reachable: 0 bytes in 0 blocks
==14950==         suppressed: 0 bytes in 0 blocks
==14950== 
==14950== For lists of detected and suppressed errors, rerun with: -s
==14950== ERROR SUMMARY: 2 errors from 2 contexts (suppressed: 0 from 0)
augustinho@augustinho:~/Ed/pa03/c13$ clear
[H[2J[3Jaugustinho@augustinho:~/Ed/pa03/c13$ clear[K[K[K[K[Kgd[K[Kgcc valgrind --leak-check=full ./a.outgdb ./a.out[Kcc cxx.c -gvalgrind --leak-check=full ./a.outgdb ./a.out[K[23@valgrind --leak-check=full[C[C[C[C[C[C[C[C[22Pgcc cxx.c -gvalgrind --leak-check=full ./a.outgdb ./a.out[Kcc cxxcorreto.c -gvalgrind --leak-check=full ./a.outgdb ./a.out[K[23@valgrind --leak-check=full[C[C[C[C[C[C[C[C[15Pgcc cxxcorreto.c -g
augustinho@augustinho:~/Ed/pa03/c13$ gcc cxxcorreto.c -g[Kvalgrind --leak-check=full ./a.outgdb ./a.out[K
[35;1m[35;1mGNU gdb [m[35;1m(Ubun
augustinho@augustinho:~/Ed/pa03/c13$ gcc cxxcorreto.c -g
augustinho@augustinho:~/Ed/pa03/c13$ gdb ./a.out
GNU gdb (Ubuntu 9.2-0ubuntu1~20.04.1) 9.2
Copyright (C) 2020 Free Software Foundation, Inc.
License GPLv3+: GNU GPL version 3 or later <http://gnu.org/licenses/gpl.html>
This is free software: you are free to change and redistribute it.
There is NO WARRANTY, to the extent permitted by law.
Type "show copying" and "show warranty" for details.
This GDB was configured as "x86_64-linux-gnu".
Type "show configuration" for configuration details.
For bug reporting instructions, please see:
<http://www.gnu.org/software/gdb/bugs/>.
Find the GDB manual and other documentation resources online at:
    <http://www.gnu.org/software/gdb/documentation/>.

--Type <RET> for more, q to quit, c to continue without paging--c
For help, type "help".
Type "apropos word" to search for commands related to "word"...
Reading symbols from ./a.out...
(gdb) run
Starting program: /home/augustinho/Ed/pa03/c13/a.out 
[Inferior 1 (process 15041) exited normally]
(gdb) q
augustinho@augustinho:~/Ed/pa03/c13$ valgrind --leak-check=full ./a.out
==15078== Memcheck, a memory error detector
==15078== Copyright (C) 2002-2017, and GNU GPL'd, by Julian Seward et al.
==15078== Using Valgrind-3.15.0 and LibVEX; rerun with -h for copyright info
==15078== Command: ./a.out
==15078== 
==15078== error calling PR_SET_PTRACER, vgdb might block
==15078== 
==15078== HEAP SUMMARY:
==15078==     in use at exit: 0 bytes in 0 blocks
==15078==   total heap usage: 3 allocs, 3 frees, 47 bytes allocated
==15078== 
==15078== All heap blocks were freed -- no leaks are possible
==15078== 
==15078== For lists of detected and suppressed errors, rerun with: -s
==15078== ERROR SUMMARY: 0 errors from 0 contexts (suppressed: 0 from 0)