Script started on 2023-04-05 10:40:38-03:00 [TERM="xterm-256color" TTY="/dev/pts/9" COLUMNS="162" LINES="14"]
augustinho@augustinho:~/Ed/pa03/c5$ gcc tes[K[Kcx[K[K[Kcxx.c -g
augustinho@augustinho:~/Ed/pa03/c5$ gdb a[K./a.out
[35;1m[35;1mGNU gdb [m[35;1m(Ubuntu 9.2-0ubuntu1~20.04.1) [m[35;1m9.2[m[35;1m
[m[mCopyright (C) 2020 Free Software Foundation, Inc.
License GPLv3+: GNU GPL version 3 or later <http://gnu.org/licenses/gpl.html>
This is free software: you are free to change and redistribute it.
There is NO WARRANTY, to the extent permitted by law.
Type "show copying" and "show warranty" for details.
This GDB was configured as "x86_64-linux-gnu".
Type "show configuration" for configuration details.
For bug reporting instructions, please see:
<http://www.gnu.org/software/gdb/bugs/>.
Find the GDB manual and other documentation resources online at:
    <http://www.gnu.org/software/gdb/documentation/>.

[m--Type <RET> for more, q to quit, c to continue without paging--c
For help, type "help".
Type "apropos word" to search for commands related to "word"...
Reading symbols from [32m./a.out[m...
(gdb) run
Starting program: /home/augustinho/Ed/pa03/c5/a.out 
intArray[362]: 362
[Inferior 1 (process 5154) exited normally]
(gdb) q
augustinho@augustinho:~/Ed/pa03/c5$ valgrind -- [Kcheck[K[K[K[K[Kleak-check=full .a/[K[K/a.out
==5212== Memcheck, a memory error detector
==5212== Copyright (C) 2002-2017, and GNU GPL'd, by Julian Seward et al.
==5212== Using Valgrind-3.15.0 and LibVEX; rerun with -h for copyright info
==5212== Command: ./a.out
==5212== 
==5212== error calling PR_SET_PTRACER, vgdb might block
intArray[990]: 990
==5212== 
==5212== HEAP SUMMARY:
==5212==     in use at exit: 4,000 bytes in 1 blocks
==5212==   total heap usage: 2 allocs, 1 frees, 5,024 bytes allocated
==5212== 
==5212== 4,000 bytes in 1 blocks are definitely lost in loss record 1 of 1
==5212==    at 0x483B7F3: malloc (in /usr/lib/x86_64-linux-gnu/valgrind/vgpreload_memcheck-amd64-linux.so)
==5212==    by 0x1091E7: main (cxx.c:9)
==5212== 
==5212== LEAK SUMMARY:
==5212==    definitely lost: 4,000 bytes in 1 blocks
==5212==    indirectly lost: 0 bytes in 0 blocks
==5212==      possibly lost: 0 bytes in 0 blocks
==5212==    still reachable: 0 bytes in 0 blocks
==5212==         suppressed: 0 bytes in 0 blocks
==5212== 
==5212== For lists of detected and suppressed errors, rerun with: -s
==5212== ERROR SUMMARY: 1 errors from 1 contexts (suppressed: 0 from 0)
augustinho@augustinho:~/Ed/pa03/c5$ gcc -[Kcxxcorreto.c -g
augustinho@augustinho:~/Ed/pa03/c5$ gdd[Kb ;[K..[K/a.out
[35;1m[35;1mGNU gdb [m[35;1m(Ubuntu 9.2-0ubuntu1~20.04.1) [m[35;1m9.2[m[35;1m
[m[mCopyright (C) 2020 Free Software Foundation, Inc.
License GPLv3+: GNU GPL version 3 or later <http://gnu.org/licenses/gpl.html>
This is free software: you are free to change and redistribute it.
There is NO WARRANTY, to the extent permitted by law.
Type "show copying" and "show warranty" for details.
This GDB was configured as "x86_64-linux-gnu".
Type "show configuration" for configuration details.
For bug reporting instructions, please see:
<http://www.gnu.org/software/gdb/bugs/>.
Find the GDB manual and other documentation resources online at:
    <http://www.gnu.org/software/gdb/documentation/>.

[m--Type <RET> for more, q to quit, c to continue without paging--c
For help, type "help".
Type "apropos word" to search for commands related to "word"...
Reading symbols from [32m./a.out[m...
(gdb) run
Starting program: /home/augustinho/Ed/pa03/c5/a.out 
intArray[222]: 222
[Inferior 1 (process 5391) exited normally]
(gdb) q
augustinho@augustinho:~/Ed/pa03/c5$ gdb ./a.outcc cxxcorreto.c -gvalgrind --leak-check=full ./a.out
augustinho@augustinho:~/Ed/pa03/c5$ gcc cxxcorreto.c -g
augustinho@augustinho:~/Ed/pa03/c5$ gdb ./a.out
GNU gdb (Ubuntu 9.2-0ubuntu1~20.04.1) 9.2
Copyright (C) 2020 Free Software Foundation, Inc.
License GPLv3+: GNU GPL version 3 or later <http://gnu.org/licenses/gpl.html>
This is free software: you are free to change and redistribute it.
There is NO WARRANTY, to the extent permitted by law.
Type "show copying" and "show warranty" for details.
This GDB was configured as "x86_64-linux-gnu".
Type "show configuration" for configuration details.
For bug reporting instructions, please see:
<http://www.gnu.org/software/gdb/bugs/>.
Find the GDB manual and other documentation resources online at:
    <http://www.gnu.org/software/gdb/documentation/>.

--Type <RET> for more, q to quit, c to continue without paging--c
For help, type "help".
Type "apropos word" to search for commands related to "word"...
Reading symbols from ./a.out...
(gdb) run
Starting program: /home/augustinho/Ed/pa03/c5/a.out 
intArray[222]: 222
[Inferior 1 (process 5391) exited normally]
(gdb) q
augustinho@augustinho:~/Ed/pa03/c5$ valgrind --leak-check=full ./a.out
==5433== Memcheck, a memory error detector
==5433== Copyright (C) 2002-2017, and GNU GPL'd, by Julian Seward et al.
==5433== Using Valgrind-3.15.0 and LibVEX; rerun with -h for copyright info
==5433== Command: ./a.out
==5433== 
==5433== error calling PR_SET_PTRACER, vgdb might block
intArray[432]: 432
==5433== 
==5433== HEAP SUMMARY:
==5433==     in use at exit: 0 bytes in 0 blocks
==5433==   total heap usage: 2 allocs, 2 frees, 5,024 bytes allocated
==5433== 
==5433== All heap blocks were freed -- no leaks are possible
==5433== 
==5433== For lists of detected and suppressed errors, rerun with: -s
==5433== ERROR SUMMARY: 0 errors from 0 contexts (suppressed: 0 from 0)