Script started on 2023-04-05 15:42:21-03:00 [TERM="xterm-256color" TTY="/dev/pts/12" COLUMNS="162" LINES="14"]
augustinho@augustinho:~/Ed/pa03/c7$ gcc cxx.c -g
augustinho@augustinho:~/Ed/pa03/c7$ gc[K[Kgcc cxx.c -g[6Pcode .[K[K[K[K[K[Kgdb ./a.out
[35;1m[35;1mGNU gdb [m[35;1m(Ubuntu 9.2-0ubuntu1~20.04.1) [m[35;1m9.2[m[35;1m
[m[mCopyright (C) 2020 Free Software Foundation, Inc.
License GPLv3+: GNU GPL version 3 or later <http://gnu.org/licenses/gpl.html>
This is free software: you are free to change and redistribute it.
There is NO WARRANTY, to the extent permitted by law.
Type "show copying" and "show warranty" for details.
This GDB was configured as "x86_64-linux-gnu".
Type "show configuration" for configuration details.
For bug reporting instructions, please see:
<http://www.gnu.org/software/gdb/bugs/>.
Find the GDB manual and other documentation resources online at:
    <http://www.gnu.org/software/gdb/documentation/>.

[m--Type <RET> for more, q to quit, c to continue without paging--c
For help, type "help".
Type "apropos word" to search for commands related to "word"...
Reading symbols from [32m./a.out[m...
(gdb) run
Starting program: /home/augustinho/Ed/pa03/c7/a.out 
[Inferior 1 (process 9649) exited normally]
(gdb) q
augustinho@augustinho:~/Ed/pa03/c7$ valgrind -[Kcheck[K[K[K[K[K--leak-check=fukl[K[Kll a.[K[K.[K/a.[K[K[K./a.out
==9792== Memcheck, a memory error detector
==9792== Copyright (C) 2002-2017, and GNU GPL'd, by Julian Seward et al.
==9792== Using Valgrind-3.15.0 and LibVEX; rerun with -h for copyright info
==9792== Command: ./a.out
==9792== 
==9792== error calling PR_SET_PTRACER, vgdb might block
==9792== Invalid write of size 1
==9792==    at 0x1091BC: main (cxx.c:10)
==9792==  Address 0x4a4f05a is 0 bytes after a block of size 26 alloc'd
==9792==    at 0x483DD99: calloc (in /usr/lib/x86_64-linux-gnu/valgrind/vgpreload_memcheck-amd64-linux.so)
==9792==    by 0x109183: main (cxx.c:5)
==9792== 
==9792== 
==9792== HEAP SUMMARY:
==9792==     in use at exit: 0 bytes in 0 blocks
==9792==   total heap usage: 1 allocs, 1 frees, 26 bytes allocated
==9792== 
==9792== All heap blocks were freed -- no leaks are possible
==9792== 
==9792== For lists of detected and suppressed errors, rerun with: -s
==9792== ERROR SUMMARY: 1 errors from 1 contexts (suppressed: 0 from 0)
augustinho@augustinho:~/Ed/pa03/c7$ gcc cxxvalgrind --leak-check=full ./a.outgcc cxx[K -g[K[K[K.c -g
augustinho@augustinho:~/Ed/pa03/c7$ gcc cxx.c -gvalgrind --leak-check=full ./a.outgdb ./a.out[K
[35;1m[35;1mGNU gdb [m[35;1m(Ubuntu 9.2-0ubuntu1~20.04.1) [m[35;1m9.2[m[35;1m
[m[mCopyright (C) 2020 Free Software Foundation, Inc.
License GPLv3+: GNU GPL version 3 or later <http://gnu.org/licenses/gpl.html>
This is free software: you are free to change and redistribute it.
There is NO WARRANTY, to the extent permitted by law.
Type "show copying" and "show warranty" for details.
This GDB was configured as "x86_64-linux-gnu".
Type "show configuration" for configuration details.
For bug reporting instructions, please see:
<http://www.gnu.org/software/gdb/bugs/>.
Find the GDB manual and other documentation resources online at:
    <http://www.gnu.org/software/gdb/documentation/>.

[m--Type <RET> for more, q to quit, c to continue without paging--c
For help, type "help".
Type "apropos word" to search for commands related to "word"...
Reading symbols from [32m./a.out[m...
(gdb) run
Starting program: /home/augustinho/Ed/pa03/c7/a.out 
[Inferior 1 (process 9977) exited normally]
(gdb) q
augustinho@augustinho:~/Ed/pa03/c7$ gdb ./a.outcc cxx.c -gvalgrind --leak-check=full ./a.out
==10007== Memcheck, a memory error detector
==10007== Copyright (C) 2002-2017, and GNU GPL'd, by Julian Seward et al.
==10007== Using Valgrind-3.15.0 and LibVEX; rerun with -h for copyright info
==10007== Command: ./a.ot
==10007== 
==10007== error calling PR_SET_PTRACER, vgdb might block
==10007== 
==10007== HEAP SUMMARY:
==10007==     in use at exit: 0 bytes in 0 blocks
==10007==   total heap usage: 1 allocs, 1 frees, 26 bytes allocated
==10007== 
==10007== All heap blocks were freed -- no leaks are possible
==10007== 
==10007== For lists of detected and suppressed errors, rerun with: -s
==10007== ERROR SUMMARY: 0 errors from 0 contexts (suppressed: 0 from 0)
augustinho@augustinho:~/Ed/pa03/c7$ exit

Script done on 2023-04-05 15:44:48-03:00 [COMMAND_EXIT_CODE="0"]
g instructions, please see:
<http://www.gnu.org/software/gdb/bugs/>.
Find the GDB manual and other documentation resources online at:
    <http://www.gnu.org/software/gdb/documentation/>.

--Type <RET> for more, q to quit, c to continue without paging--c
For help, type "help".
Type "apropos word" to search for commands related to "word"...
Reading symbols from ./a.out...
(gdb) run
Starting program: /home/augustinho/Ed/pa03/c7/a.out 
[Inferior 1 (process 9977) exited normally]
(gdb) q
augustinho@augustinho:~/Ed/pa03/c7$ valgrind --leak-check=full ./a.out
==10007== Memcheck, a memory error detector
==10007== Copyright (C) 2002-2017, and GNU GPL'd, by Julian Seward et al.
==10007== Using Valgrind-3.15.0 and LibVEX; rerun with -h for copyright info
==10007== Command: ./a.out
==10007== 
==10007== error calling PR_SET_PTRACER, vgdb might block
==10007== 
==10007== HEAP SUMMARY:
==10007==     in use at exit: 0 bytes in 0 blocks
==10007==   total heap usage: 1 allocs, 1 frees, 26 bytes allocated
==10007== 
==10007== All heap blocks were freed -- no leaks are possible
==10007== 
==10007== For lists of detected and suppressed errors, rerun with: -s
==10007== ERROR SUMMARY: 0 errors from 0 contexts (suppressed: 0 from 0)