Script started on 2023-04-04 20:23:24-03:00 [TERM="xterm-256color" TTY="/dev/pts/14" COLUMNS="162" LINES="14"]
augustinho@augustinho:~/Ed/pa03/ c3$ valgrind --leak-check=full ./a.outgdb ./a.out[Kcc cxxcorreto.c -g[Kscript corrigidovalgrind --leak-check=full ./a.outgdb ./a.out[Kcc cxxcorreto.c -gvalgrind --leak-check=full ./a.out[15Pgcc cxxcorreto.c -gvalgrind --leak-check=full ./a.out[1P[C[C[C[C[C[C[C[C[C[C[C[C[C[C[C[C[C[C[C[C[C[C[C[22Pgdb[C[C[C[C[C[C[C[Ccc cxx.c -g[6Pscriptgcc cxx.c -g
augustinho@augustinho:~/Ed/pa03/ c3$ gcc cxx.c -gvalgrind --leak-check=full ./a.outgdb ./a.out[K
[35;1m[35;1mGNU gdb [m[35;1m(Ubuntu 9.2-0ubuntu1~20.04.1) [m[35;1m9.2[m[35;1m
[m[mCopyright (C) 2020 Free Software Foundation, Inc.
License GPLv3+: GNU GPL version 3 or later <http://gnu.org/licenses/gpl.html>
This is free software: you are free to change and redistribute it.
There is NO WARRANTY, to the extent permitted by law.
Type "show copying" and "show warranty" for details.
This GDB was configured as "x86_64-linux-gnu".
Type "show configuration" for configuration details.
For bug reporting instructions, please see:
<http://www.gnu.org/software/gdb/bugs/>.
Find the GDB manual and other documentation resources online at:
    <http://www.gnu.org/software/gdb/documentation/>.

[m--Type <RET> for more, q to quit, c to continue without paging--c
For help, type "help".
Type "apropos word" to search for commands related to "word"...
Reading symbols from [32m./a.out[m...
(gdb) run
Starting program: /home/augustinho/Ed/pa03/ c3/a.out 
[Inferior 1 (process 28713) exited normally]
(gdb) q
augustinho@augustinho:~/Ed/pa03/ c3$ gdb ./a.outcc cxx.c -gvalgrind --leak-check=full ./a.out
==28808== Memcheck, a memory error detector
==28808== Copyright (C) 2002-2017, and GNU GPL'd, by Julian Seward et al.
==28808== Using Valgrind-3.15.0 and LibVEX; rerun with -h for copyright info
==28808== Command: ./a.out
==28808== 
==28808== error calling PR_SET_PTRACER, vgdb might block
==28808== 
==28808== HEAP SUMMARY:
==28808==     in use at exit: 3,600 bytes in 9 blocks
==28808==   total heap usage: 10 allocs, 1 frees, 4,000 bytes allocated
==28808== 
==28808== 3,600 bytes in 9 blocks are definitely lost in loss record 1 of 1
==28808==    at 0x483B7F3: malloc (in /usr/lib/x86_64-linux-gnu/valgrind/vgpreload_memcheck-amd64-linux.so)
==28808==    by 0x10918E: main (cxx.c:9)
==28808== 
==28808== LEAK SUMMARY:
==28808==    definitely lost: 3,600 bytes in 9 blocks
==28808==    indirectly lost: 0 bytes in 0 blocks
==28808==      possibly lost: 0 bytes in 0 blocks
==28808==    still reachable: 0 bytes in 0 blocks
==28808==         suppressed: 0 bytes in 0 blocks
==28808== 
==28808== For lists of detected and suppressed errors, rerun with: -s
==28808== ERROR SUMMARY: 1 errors from 1 contexts (suppressed: 0 from 0)
augustinho@augustinho:~/Ed/pa03/ c3$ valgrind --leak-check=full ./a.outgdb ./a.out[Kcc cxx.c -gvalgrind --leak-check=full ./a.outgdb ./a.out[K[23@valgrind --leak-check=full[C[C[C[C[C[C[C[Cgdb ./a.out[Kcc cxxcorreto.c -g[K -g
augustinho@augustinho:~/Ed/pa03/ c3$ gcc cxxcorreto.c -gvalgrind --leak-check=full ./a.out[15Pgcc cxxcorreto.c -g[Kgcc cxxcorreto.c -gvalgrind --leak-check=full ./a.outgdb ./a.out[Kcc cxx.c -g[1Pdb ./a.out
[35;1m[35;1mGNU gdb [m[35;1m(Ubuntu 9.2-0ubuntu1~20.04.1) [m[35;1m9.2[m[35;1m
[m[mCopyright (C) 2020 Free Software Foundation, Inc.
License GPLv3+: GNU GPL version 3 or later <http://gnu.org/licenses/gpl.html>
This is free software: you are free to change and redistribute it.
There is NO WARRANTY, to the extent permitted by law.
Type "show copying" and "show warranty" for details.
This GDB was configured as "x86_64-linux-gnu".
Type "show configuration" for configuration details.
For bug reporting instructions, please see:
<http://www.gnu.org/software/gdb/bugs/>.
Find the GDB manual and other documentation resources online at:
    <http://www.gnu.org/software/gdb/documentation/>.

[m--Type <RET> for more, q to quit, c to continue without paging--c
For help, type "help".
Type "apropos word" to search for commands related to "word"...
Reading symbols from [32m./a.out[m...
(gdb) run
Starting program: /home/augustinho/Ed/pa03/ c3/a.out 
[Inferior 1 (process 29031) exited normally]
(gdb) a[Kq
augustinho@augustinho:~/Ed/pa03/ c3$ gdb ./a.outcc cxxcorreto.c -gvalgrind --leak-check=full ./a.outgdb ./a.out[K[23@valgrind --leak-check=full[C[C[C[C[C[C[C[C
==29086== Memcheck, a memory error detector
==29086== Copyright (C) 2002-2017, and GNU GPL'd, by Julian Seward et al.
==29086== Using Valgrind-3.15.0 and LibVEX; rerun with -h for copyright info
==29086== Command: ./a.out
==29086== 
==29086== error calling PR_SET_PTRACER, vgdb might block
==29086== 
==29086== HEAP SUMMARY:
==29086==     in use at exit: 0 bytes in 0 blocks
==29086==   total heap usage: 10 allocs, 10 frees, 4,000 bytes allocated
==29086== 
==29086== All heap blocks were freed -- no leaks are possible
==29086== 
==29086== For lists of detected and suppressed errors, rerun with: -s
==29086== ERROR SUMMARY: 0 errors from 0 contexts (suppressed: 0 from 0)
augustinho@augustinho:~/Ed/pa03/ c3$ exit

Script done on 2023-04-04 20:24:31-03:00 [COMMAND_EXIT_CODE="0"]
