Script started on 2023-04-05 10:02:58-03:00 [TERM="xterm-256color" TTY="/dev/pts/9" COLUMNS="162" LINES="14"]
augustinho@augustinho:~/Ed/pa03/c1$ gcc -[Kcxx.c -g
augustinho@augustinho:~/Ed/pa03/c1$ dg[K[Kgdb -g[K[Kcc cxx.c -gvalgrind --leak-check=full ./a.out[22Pgcc cxx.c -gdb [Kcc cxx.c -gvalgrind --leak-check=full ./a.out[22Pgcc cxx.c -gdb [K.a[K/a.out
[35;1m[35;1mGNU gdb [m[35;1m(Ubuntu 9.2-0ubuntu1~20.04.1) [m[35;1m9.2[m[35;1m
[m[mCopyright (C) 2020 Free Software Foundation, Inc.
License GPLv3+: GNU GPL version 3 or later <http://gnu.org/licenses/gpl.html>
This is free software: you are free to change and redistribute it.
There is NO WARRANTY, to the extent permitted by law.
Type "show copying" and "show warranty" for details.
This GDB was configured as "x86_64-linux-gnu".
Type "show configuration" for configuration details.
For bug reporting instructions, please see:
<http://www.gnu.org/software/gdb/bugs/>.
Find the GDB manual and other documentation resources online at:
    <http://www.gnu.org/software/gdb/documentation/>.

[m--Type <RET> for more, q to quit, c to continue without paging--c][K
For help, type "help".
Type "apropos word" to search for commands related to "word"...
Reading symbols from [32m./a.out[m...
(gdb) run
Starting program: /home/augustinho/Ed/pa03/c1/a.out 
[Inferior 1 (process 1717) exited normally]
(gdb) q
augustinho@augustinho:~/Ed/pa03/c1$ run[K[K[Kgdb ./a.outcc cxx.c -gvalgrind --leak-check=full ./a.outgdb ./a.out[Kcc cxx.c -g[1Pdb ./a.out[23@valgrind --leak-check=full[C[C[C[C[C[C[C[C
==1749== Memcheck, a memory error detector
==1749== Copyright (C) 2002-2017, and GNU GPL'd, by Julian Seward et al.
==1749== Using Valgrind-3.15.0 and LibVEX; rerun with -h for copyright info
==1749== Command: ./a.out
==1749== 
==1749== error calling PR_SET_PTRACER, vgdb might block
==1749== Invalid write of size 4
==1749==    at 0x1091B8: main (cxx.c:9)
==1749==  Address 0x4a4f068 is 0 bytes after a block of size 40 alloc'd
==1749==    at 0x483B7F3: malloc (in /usr/lib/x86_64-linux-gnu/valgrind/vgpreload_memcheck-amd64-linux.so)
==1749==    by 0x109185: main (cxx.c:6)
==1749== 
==1749== 
==1749== HEAP SUMMARY:
==1749==     in use at exit: 0 bytes in 0 blocks
==1749==   total heap usage: 1 allocs, 1 frees, 40 bytes allocated
==1749== 
==1749== All heap blocks were freed -- no leaks are possible
==1749== 
==1749== For lists of detected and suppressed errors, rerun with: -s
==1749== ERROR SUMMARY: 1 errors from 1 contexts (suppressed: 0 from 0)
augustinho@augustinho:~/Ed/pa03/c1$ val[K[K[Kgcc cxxcorreto.c -g 
augustinho@augustinho:~/Ed/pa03/c1$ gcc cxxcorreto.c -g valgrind --leak-check=full ./a.outgdb ./a.out[Kcc cxx.c -g[1Pdb ./a.out
[35;1m[35;1mGNU gdb [m[35;1m(Ubuntu 9.2-0ubuntu1~20.04.1) [m[35;1m9.2[m[35;1m
[m[mCopyright (C) 2020 Free Software Foundation, Inc.
License GPLv3+: GNU GPL version 3 or later <http://gnu.org/licenses/gpl.html>
This is free software: you are free to change and redistribute it.
There is NO WARRANTY, to the extent permitted by law.
Type "show copying" and "show warranty" for details.
This GDB was configured as "x86_64-linux-gnu".
Type "show configuration" for configuration details.
For bug reporting instructions, please see:
<http://www.gnu.org/software/gdb/bugs/>.
Find the GDB manual and other documentation resources online at:
    <http://www.gnu.org/software/gdb/documentation/>.

[m--Type <RET> for more, q to quit, c to continue without paging--c
For help, type "help".
Type "apropos word" to search for commands related to "word"...
Reading symbols from [32m./a.out[m...
(gdb) run
Starting program: /home/augustinho/Ed/pa03/c1/a.out 
[Inferior 1 (process 1893) exited
augustinho@augustinho:~/Ed/pa03/c1$ gdb ./a.out
GNU gdb (Ubuntu 9.2-0ubuntu1~20.04.1) 9.2
Copyright (C) 2020 Free Software Foundation, Inc.
License GPLv3+: GNU GPL version 3 or later <http://gnu.org/licenses/gpl.html>
This is free software: you are free to change and redistribute it.
There is NO WARRANTY, to the extent permitted by law.
Type "show copying" and "show warranty" for details.
This GDB was configured as "x86_64-linux-gnu".
Type "show configuration" for configuration details.
For bug reporting instructions, please see:
<http://www.gnu.org/software/gdb/bugs/>.
Find the GDB manual and other documentation resources online at:
    <http://www.gnu.org/software/gdb/documentation/>.

--Type <RET> for more, q to quit, c to continue without paging--c
For help, type "help".
Type "apropos word" to search for commands related to "word"...
Reading symbols from ./a.out...
(gdb) run
Starting program: /home/augustinho/Ed/pa03/c1/a.out 
[Inferior 1 (process 1893) exited normally]
(gdb) q
augustinho@augustinho:~/Ed/pa03/c1$ valgrind --leak-check=full ./a.out
==1969== Memcheck, a memory error detector
==1969== Copyright (C) 2002-2017, and GNU GPL'd, by Julian Seward et al.
==1969== Using Valgrind-3.15.0 and LibVEX; rerun with -h for copyright info
==1969== Command: ./a.out
==1969== 
==1969== error calling PR_SET_PTRACER, vgdb might block
==1969== 
==1969== HEAP SUMMARY:
==1969==     in use at exit: 0 bytes in 0 blocks
==1969==   total heap usage: 1 allocs, 1 frees, 44 bytes allocated
==1969== 
==1969== All heap blocks were freed -- no leaks are possible
==1969== 
==1969== For lists of detected and suppressed errors, rerun with: -s
==1969== ERROR SUMMARY: 0 errors from 0 contexts (suppressed: 0 from 0)