Script started on 2023-04-05 16:32:30-03:00 [TERM="xterm-256color" TTY="/dev/pts/18" COLUMNS="162" LINES="14"]
augustinho@augustinho:~/Ed/pa03/c14$ cx[K[Kvalgrind --leak-check=full ./a.out[Kvalgrind --leak-check=full ./a.outgdb ./a.out[Kcc cxxcorreto.c -g[8Pdb ./a.outcc cxxcorreto.c -g[Kcxxcorreto.c -g[Kg[Kcxx.c -g
augustinho@augustinho:~/Ed/pa03/c14$ gcc cxx.c -gvalgrind --leak-check=full ./a.outgdb ./a.out[K
[35;1m[35;1mGNU gdb [m[35;1m(Ubuntu 9.2-0ubuntu1~20.04.1) [m[35;1m9.2[m[35;1m
[m[mCopyright (C) 2020 Free Software Foundation, Inc.
License GPLv3+: GNU GPL version 3 or later <http://gnu.org/licenses/gpl.html>
This is free software: you are free to change and redistribute it.
There is NO WARRANTY, to the extent permitted by law.
Type "show copying" and "show warranty" for details.
This GDB was configured as "x86_64-linux-gnu".
Type "show configuration" for configuration details.
For bug reporting instructions, please see:
<http://www.gnu.org/software/gdb/bugs/>.
Find the GDB manual and other documentation resources online at:
    <http://www.gnu.org/software/gdb/documentation/>.

[m--Type <RET> for more, q to quit, c to continue without paging--c[Kc[Kc
For help, type "help".
Type "apropos word" to search for commands related to "word"...
Reading symbols from [32m./a.out[m...
(gdb) run
Starting program: /home/augustinho/Ed/pa03/c14/a.out 
Positive integer:5
Factorial 5 = 3932040
[Inferior 1 (process 15639) exited normally]
(gdb) 1[Kq
augustinho@augustinho:~/Ed/pa03/c14$ gdb ./a.outcc cxx.c -gvalgrind --leak-check=full ./a.outgdb ./a.out[K[23@valgrind --leak-check=full[C[C[C[C[C[C[C[C
==15739== Memcheck, a memory error detector
==15739== Copyright (C) 2002-2017, and GNU GPL'd, by Julian Seward et al.
==15739== Using Valgrind-3.15.0 and LibVEX; rerun with -h for copyright info
==15739== Command: ./a.out
==15739== 
==15739== error calling PR_SET_PTRACER, vgdb might block
Positive integer:5
==15739== Conditional jump or move depends on uninitialised value(s)
==15739==    at 0x48D1958: __vfprintf_internal (vfprintf-internal.c:1687)
==15739==    by 0x48BBD3E: printf (printf.c:33)
==15739==    by 0x109204: main (cxx.c:12)
==15739== 
==15739== Use of uninitialised value of size 8
==15739==    at 0x48B569B: _itoa_word (_itoa.c:179)
==15739==    by 0x48D1574: __vfprintf_internal (vfprintf-internal.c:1687)
==15739==    by 0x48BBD3E: printf (printf.c:33)
==15739==    by 0x109204: main (cxx.c:12)
==15739== 
==15739== Conditional jump or move depends on uninitialised value(s)
==15739==    at 0x48B56AD: _itoa_word (_itoa.c:179)
==15739==    by 0x48D1574: __vfprintf_internal (vfprintf-internal.c:1687)
==15739==    by 0x48BBD3E: printf (printf.c:33)
==15739==    by 0x109204: main (cxx.c:12)
==15739== 
==15739== Conditional jump or move depends on uninitialised value(s)
==15739==    at 0x48D2228: __vfprintf_internal (vfprintf-internal.c:1687)
==15739==    by 0x48BBD3E: printf (printf.c:33)
==15739==    by 0x109204: main (cxx.c:12)
==15739== 
==15739== Conditional jump or move depends on uninitialised value(s)
==15739==    at 0x48D16EE: __vfprintf_internal (vfprintf-internal.c:1687)
==15739==    by 0x48BBD3E: printf (printf.c:33)
==15739==    by 0x109204: main (cxx.c:12)
==15739== 
Factorial 5 = 3720
==15739== 
==15739== HEAP SUMMARY:
==15739==     in use at exit: 0 bytes in 0 blocks
==15739==   total heap usage: 2 allocs, 2 frees, 2,048 bytes allocated
==15739== 
==15739== All heap blocks were freed -- no leaks are possible
==15739== 
==15739== Use --track-origins=yes to see where uninitialised values come from
==15739== For lists of detected and suppressed errors, rerun with: -s
==15739== ERROR SUMMARY: 11 errors from 5 contexts (suppressed: 0 from 0)
augustinho@augustinho:~/Ed/pa03/c14$ gcc cxxcorreto.c -g
augustinho@augustinho:~/Ed/pa03/c14$ gdb ./a.out
GNU gdb (Ubuntu 9.2-0ubuntu1~20.04.1) 9.2
Copyright (C) 2020 Free Software Foundation, Inc.
License GPLv3+: GNU GPL version 3 or later <http://gnu.org/licenses/gpl.html>
This is free software: you are free to change and redistribute it.
There is NO WARRANTY, to the extent permitted by law.
Type "show copying" and "show warranty" for details.
This GDB was configured as "x86_64-linux-gnu".
Type "show configuration" for configuration details.
For bug reporting instructions, please see:
<http://www.gnu.org/software/gdb/bugs/>.
Find the GDB manual and other documentation resources online at:
    <http://www.gnu.org/software/gdb/documentation/>.

--Type <RET> for more, q to quit, c to continue without paging--c
For help, type "help".
Type "apropos word" to search for commands related to "word"...
Reading symbols from ./a.out...
(gdb) run
Starting program: /home/augustinho/Ed/pa03/c14/a.out 
Positive integer:5
Factorial 5 = 120
[Inferior 1 (process 15865) exited normally]
(gdb) q
augustinho@augustinho:~/Ed/pa03/c14$ valgrind --leak-check=full ./a.out
==15910== Memcheck, a memory error detector
==15910== Copyright (C) 2002-2017, and GNU GPL'd, by Julian Seward et al.
==15910== Using Valgrind-3.15.0 and LibVEX; rerun with -h for copyright info
==15910== Command: ./a.out
==15910== 
==15910== error calling PR_SET_PTRACER, vgdb might block
Positive integer:5
Factorial 5 = 120
==15910== 
==15910== HEAP SUMMARY:
==15910==     in use at exit: 0 bytes in 0 blocks
==15910==   total heap usage: 2 allocs, 2 frees, 2,048 bytes allocated
==15910== 
==15910== All heap blocks were freed -- no leaks are possible
==15910== 
==15910== For lists of detected and suppressed errors, rerun with: -s
==15910== ERROR SUMMARY: 0 errors from 0 contexts (suppressed: 0 from 0)