Script started on 2023-04-05 16:20:39-03:00 [TERM="xterm-256color" TTY="/dev/pts/16" COLUMNS="162" LINES="14"]
augustinho@augustinho:~/Ed/pa03/c12$ s[Kc[Kgcc cxx.c -g
augustinho@augustinho:~/Ed/pa03/c12$ gcc cxx.c -gvalgrind --leak-check=full ./a.outgdb ./a.out[K
[35;1m[35;1mGNU gdb [m[35;1m(Ubuntu 9.2-0ubuntu1~20.04.1) [m[35;1m9.2[m[35;1m
[m[mCopyright (C) 2020 Free Software Foundation, Inc.
License GPLv3+: GNU GPL version 3 or later <http://gnu.org/licenses/gpl.html>
This is free software: you are free to change and redistribute it.
There is NO WARRANTY, to the extent permitted by law.
Type "show copying" and "show warranty" for details.
This GDB was configured as "x86_64-linux-gnu".
Type "show configuration" for configuration details.
For bug reporting instructions, please see:
<http://www.gnu.org/software/gdb/bugs/>.
Find the GDB manual and other documentation resources online at:
    <http://www.gnu.org/software/gdb/documentation/>.

[m--Type <RET> for more, q to quit, c to continue without paging--c
For help, type "help".
Type "apropos word" to search for commands related to "word"...
Reading symbols from [32m./a.out[m...
(gdb) run
Starting program: /home/augustinho/Ed/pa03/c12/a.out 
X is zero[Inferior 1 (process 14329) exited normally]
(gdb) q
augustinho@augustinho:~/Ed/pa03/c12$ gdb ./a.outcc cxx.c -gvalgrind --leak-check=full ./a.out
==14380== Memcheck, a memory error detector
==14380== Copyright (C) 2002-2017, and GNU GPL'd, by Julian Seward et al.
==14380== Using Valgrind-3.15.0 and LibVEX; rerun with -h for copyright info
==14380== Command: ./a.out
==14380== 
==14380== error calling PR_SET_PTRACER, vgdb might block
==14380== Conditional jump or move depends on uninitialised value(s)
==14380==    at 0x109159: main (cxx.c:6)
==14380== 
X is zero==14380== 
==14380== HEAP SUMMARY:
==14380==     in use at exit: 0 bytes in 0 blocks
==14380==   total heap usage: 1 allocs, 1 frees, 1,024 bytes allocated
==14380== 
==14380== All heap blocks were freed -- no leaks are possible
==14380== 
==14380== Use --track-origins=yes to see where uninitialised values come from
==14380== For lists of detected and suppressed errors, rerun with: -s
==14380== ERROR SUMMARY: 1 errors from 1 contexts (suppressed: 0 from 0)
augustinho@augustinho:~/Ed/pa03/c12$ gcc -g[K[K[K[K[K[Kgcc cxxcorreto.c -g
augustinho@augustinho:~/Ed/pa03/c12$ gcc cxxcorreto.c -gvalgrind --leak-check=full ./a.outgdb ./a.out[K
[35;1m[35;1mGNU gdb [m[35;1m(Ubuntu 9.2-0ubuntu1~20.04.1) [m[35;1m9.2[m[35;1m
[m[mCopyright (C) 2020 Free Software Foundation, Inc.
License GPLv3+: GNU GPL version 3 or later <http://gnu.org/licenses/gpl.html>
This is free software: you are free to change and redistribute it.
There is NO WARRANTY, to the extent permitted by law.
Type "show copying" and "show warranty" for details.
This GDB was configured as "x86_64-linux-gnu".
Type "show configuration" for configuration details.
For bug reporting instructions, please see:
<http://www.gnu.org/software/gdb/bugs/>.
Find the GDB manual and other documentation resources online at:
    <http://www.gnu.org/software/gdb/documentation/>.

[m--Type <RET> for more, q to quit, c to continue without paging--c
For help, type "help".
Type "apropos word" to search for commands related to "word"...
Reading symbols from [32m./a.out[m...
(gdb) run
Starting program: /home/augustinho/Ed/pa03/c12/a.out 
X is zero[Inferior 1 (process 14434) exited normally]
(gdb) q
augustinho@augustinho:~/Ed/pa03/c12$ gdb ./a.outcc cxxcorreto.c -gvalgrind --leak-check=full ./a.out
==14438== Memcheck, a memory error detector
==14438== Copyright (C) 2002-2017, and GNU GPL'd, by Julian Seward et al.
==14438== Using Valgrind-3.15.0 and LibVEX; rerun with -h for copyright info
==14438== Command: ./a.out
==14438== 
==14438== error calling PR_SET_PTRACER, vgdb might block
X is
augustinho@augustinho:~/Ed/pa03/c12$ gcc cxxcorreto.c -g
augustinho@augustinho:~/Ed/pa03/c12$ gdb ./a.out
GNU gdb (Ubuntu 9.2-0ubuntu1~20.04.1) 9.2
Copyright (C) 2020 Free Software Foundation, Inc.
License GPLv3+: GNU GPL version 3 or later <http://gnu.org/licenses/gpl.html>
This is free software: you are free to change and redistribute it.
There is NO WARRANTY, to the extent permitted by law.
Type "show copying" and "show warranty" for details.
This GDB was configured as "x86_64-linux-gnu".
Type "show configuration" for configuration details.
For bug reporting instructions, please see:
<http://www.gnu.org/software/gdb/bugs/>.
Find the GDB manual and other documentation resources online at:
    <http://www.gnu.org/software/gdb/documentation/>.

--Type <RET> for more, q to quit, c to continue without paging--c
For help, type "help".
Type "apropos word" to search for commands related to "word"...
Reading symbols from ./a.out...
(gdb) run
Starting program: /home/augustinho/Ed/pa03/c12/a.out 
X is zero[Inferior 1 (process 14434) exited normally]
(gdb) q
augustinho@augustinho:~/Ed/pa03/c12$ valgrind --leak-check=full ./a.out
==14438== Memcheck, a memory error detector
==14438== Copyright (C) 2002-2017, and GNU GPL'd, by Julian Seward et al.
==14438== Using Valgrind-3.15.0 and LibVEX; rerun with -h for copyright info
==14438== Command: ./a.out
==14438== 
==14438== error calling PR_SET_PTRACER, vgdb might block
X is zero==14438== 
==14438== HEAP SUMMARY:
==14438==     in use at exit: 0 bytes in 0 blocks
==14438==   total heap usage: 1 allocs, 1 frees, 1,024 bytes allocated
==14438== 
==14438== All heap blocks were freed -- no leaks are possible
==14438== 
==14438== For lists of detected and suppressed errors, rerun with: -s
==14438== ERROR SUMMARY: 0 errors from 0 contexts (suppressed: 0 from 0)